Archive member included to satisfy reference by file (symbol)

c:/program files (x86)/atmel/studio/7.0/toolchain/avr8/avr8-gnu-toolchain/bin/../lib/gcc/avr/5.4.0/../../../../avr/lib/avr5\libm.a(addsf3.o)
                              HAL/G_LCD/G_LCD.o (__addsf3)
c:/program files (x86)/atmel/studio/7.0/toolchain/avr8/avr8-gnu-toolchain/bin/../lib/gcc/avr/5.4.0/../../../../avr/lib/avr5\libm.a(addsf3x.o)
                              c:/program files (x86)/atmel/studio/7.0/toolchain/avr8/avr8-gnu-toolchain/bin/../lib/gcc/avr/5.4.0/../../../../avr/lib/avr5\libm.a(addsf3.o) (__addsf3x)
c:/program files (x86)/atmel/studio/7.0/toolchain/avr8/avr8-gnu-toolchain/bin/../lib/gcc/avr/5.4.0/../../../../avr/lib/avr5\libm.a(divsf3.o)
                              main.o (__divsf3)
c:/program files (x86)/atmel/studio/7.0/toolchain/avr8/avr8-gnu-toolchain/bin/../lib/gcc/avr/5.4.0/../../../../avr/lib/avr5\libm.a(divsf3x.o)
                              c:/program files (x86)/atmel/studio/7.0/toolchain/avr8/avr8-gnu-toolchain/bin/../lib/gcc/avr/5.4.0/../../../../avr/lib/avr5\libm.a(divsf3.o) (__divsf3x)
c:/program files (x86)/atmel/studio/7.0/toolchain/avr8/avr8-gnu-toolchain/bin/../lib/gcc/avr/5.4.0/../../../../avr/lib/avr5\libm.a(fixsfsi.o)
                              HAL/G_LCD/G_LCD.o (__fixsfsi)
c:/program files (x86)/atmel/studio/7.0/toolchain/avr8/avr8-gnu-toolchain/bin/../lib/gcc/avr/5.4.0/../../../../avr/lib/avr5\libm.a(fixunssfsi.o)
                              HAL/G_LCD/G_LCD.o (__fixunssfsi)
c:/program files (x86)/atmel/studio/7.0/toolchain/avr8/avr8-gnu-toolchain/bin/../lib/gcc/avr/5.4.0/../../../../avr/lib/avr5\libm.a(floatsisf.o)
                              HAL/G_LCD/G_LCD.o (__floatunsisf)
c:/program files (x86)/atmel/studio/7.0/toolchain/avr8/avr8-gnu-toolchain/bin/../lib/gcc/avr/5.4.0/../../../../avr/lib/avr5\libm.a(fp_inf.o)
                              c:/program files (x86)/atmel/studio/7.0/toolchain/avr8/avr8-gnu-toolchain/bin/../lib/gcc/avr/5.4.0/../../../../avr/lib/avr5\libm.a(addsf3x.o) (__fp_inf)
c:/program files (x86)/atmel/studio/7.0/toolchain/avr8/avr8-gnu-toolchain/bin/../lib/gcc/avr/5.4.0/../../../../avr/lib/avr5\libm.a(fp_nan.o)
                              c:/program files (x86)/atmel/studio/7.0/toolchain/avr8/avr8-gnu-toolchain/bin/../lib/gcc/avr/5.4.0/../../../../avr/lib/avr5\libm.a(addsf3x.o) (__fp_nan)
c:/program files (x86)/atmel/studio/7.0/toolchain/avr8/avr8-gnu-toolchain/bin/../lib/gcc/avr/5.4.0/../../../../avr/lib/avr5\libm.a(fp_pscA.o)
                              c:/program files (x86)/atmel/studio/7.0/toolchain/avr8/avr8-gnu-toolchain/bin/../lib/gcc/avr/5.4.0/../../../../avr/lib/avr5\libm.a(addsf3x.o) (__fp_pscA)
c:/program files (x86)/atmel/studio/7.0/toolchain/avr8/avr8-gnu-toolchain/bin/../lib/gcc/avr/5.4.0/../../../../avr/lib/avr5\libm.a(fp_pscB.o)
                              c:/program files (x86)/atmel/studio/7.0/toolchain/avr8/avr8-gnu-toolchain/bin/../lib/gcc/avr/5.4.0/../../../../avr/lib/avr5\libm.a(addsf3x.o) (__fp_pscB)
c:/program files (x86)/atmel/studio/7.0/toolchain/avr8/avr8-gnu-toolchain/bin/../lib/gcc/avr/5.4.0/../../../../avr/lib/avr5\libm.a(fp_round.o)
                              c:/program files (x86)/atmel/studio/7.0/toolchain/avr8/avr8-gnu-toolchain/bin/../lib/gcc/avr/5.4.0/../../../../avr/lib/avr5\libm.a(addsf3.o) (__fp_round)
c:/program files (x86)/atmel/studio/7.0/toolchain/avr8/avr8-gnu-toolchain/bin/../lib/gcc/avr/5.4.0/../../../../avr/lib/avr5\libm.a(fp_split3.o)
                              c:/program files (x86)/atmel/studio/7.0/toolchain/avr8/avr8-gnu-toolchain/bin/../lib/gcc/avr/5.4.0/../../../../avr/lib/avr5\libm.a(addsf3x.o) (__fp_split3)
c:/program files (x86)/atmel/studio/7.0/toolchain/avr8/avr8-gnu-toolchain/bin/../lib/gcc/avr/5.4.0/../../../../avr/lib/avr5\libm.a(fp_zero.o)
                              c:/program files (x86)/atmel/studio/7.0/toolchain/avr8/avr8-gnu-toolchain/bin/../lib/gcc/avr/5.4.0/../../../../avr/lib/avr5\libm.a(addsf3x.o) (__fp_zero)
c:/program files (x86)/atmel/studio/7.0/toolchain/avr8/avr8-gnu-toolchain/bin/../lib/gcc/avr/5.4.0/../../../../avr/lib/avr5\libm.a(mulsf3.o)
                              main.o (__mulsf3)
c:/program files (x86)/atmel/studio/7.0/toolchain/avr8/avr8-gnu-toolchain/bin/../lib/gcc/avr/5.4.0/../../../../avr/lib/avr5\libm.a(mulsf3x.o)
                              c:/program files (x86)/atmel/studio/7.0/toolchain/avr8/avr8-gnu-toolchain/bin/../lib/gcc/avr/5.4.0/../../../../avr/lib/avr5\libm.a(mulsf3.o) (__mulsf3x)
c:/program files (x86)/atmel/studio/7.0/toolchain/avr8/avr8-gnu-toolchain/bin/../lib/gcc/avr/5.4.0/avr5\libgcc.a(_divmodhi4.o)
                              MCAL/TIMER_00/Timer.o (__divmodhi4)
c:/program files (x86)/atmel/studio/7.0/toolchain/avr8/avr8-gnu-toolchain/bin/../lib/gcc/avr/5.4.0/avr5\libgcc.a(_udivmodsi4.o)
                              main.o (__udivmodsi4)
c:/program files (x86)/atmel/studio/7.0/toolchain/avr8/avr8-gnu-toolchain/bin/../lib/gcc/avr/5.4.0/avr5\libgcc.a(_exit.o)
                              C:/Program Files (x86)/Atmel/Studio/7.0/Packs/Atmel/ATmega_DFP/1.6.364/gcc/dev/atmega32/avr5/crtatmega32.o (exit)
c:/program files (x86)/atmel/studio/7.0/toolchain/avr8/avr8-gnu-toolchain/bin/../lib/gcc/avr/5.4.0/avr5\libgcc.a(_copy_data.o)
                              APP/LCD_APP.o (__do_copy_data)
c:/program files (x86)/atmel/studio/7.0/toolchain/avr8/avr8-gnu-toolchain/bin/../lib/gcc/avr/5.4.0/avr5\libgcc.a(_clear_bss.o)
                              APP/PUSH_BUTTON.o (__do_clear_bss)
c:/program files (x86)/atmel/studio/7.0/toolchain/avr8/avr8-gnu-toolchain/bin/../lib/gcc/avr/5.4.0/avr5\libgcc.a(_umulhisi3.o)
                              APP/SEVEN_SEG_FROM_TO.o (__umulhisi3)
c:/program files (x86)/atmel/studio/7.0/toolchain/avr8/avr8-gnu-toolchain/bin/../lib/gcc/avr/5.4.0/avr5\libgcc.a(_udivmodhi4.o)
                              c:/program files (x86)/atmel/studio/7.0/toolchain/avr8/avr8-gnu-toolchain/bin/../lib/gcc/avr/5.4.0/avr5\libgcc.a(_divmodhi4.o) (__udivmodhi4)
c:/program files (x86)/atmel/studio/7.0/toolchain/avr8/avr8-gnu-toolchain/bin/../lib/gcc/avr/5.4.0/../../../../avr/lib/avr5\libc.a(itoa_ncheck.o)
                              main.o (__itoa_ncheck)
c:/program files (x86)/atmel/studio/7.0/toolchain/avr8/avr8-gnu-toolchain/bin/../lib/gcc/avr/5.4.0/../../../../avr/lib/avr5\libc.a(ltoa_ncheck.o)
                              main.o (__ltoa_ncheck)
c:/program files (x86)/atmel/studio/7.0/toolchain/avr8/avr8-gnu-toolchain/bin/../lib/gcc/avr/5.4.0/../../../../avr/lib/avr5\libc.a(ultoa_ncheck.o)
                              c:/program files (x86)/atmel/studio/7.0/toolchain/avr8/avr8-gnu-toolchain/bin/../lib/gcc/avr/5.4.0/../../../../avr/lib/avr5\libc.a(ltoa_ncheck.o) (__ultoa_common)
c:/program files (x86)/atmel/studio/7.0/toolchain/avr8/avr8-gnu-toolchain/bin/../lib/gcc/avr/5.4.0/../../../../avr/lib/avr5\libc.a(utoa_ncheck.o)
                              c:/program files (x86)/atmel/studio/7.0/toolchain/avr8/avr8-gnu-toolchain/bin/../lib/gcc/avr/5.4.0/../../../../avr/lib/avr5\libc.a(itoa_ncheck.o) (__utoa_common)
c:/program files (x86)/atmel/studio/7.0/toolchain/avr8/avr8-gnu-toolchain/bin/../lib/gcc/avr/5.4.0/../../../../avr/lib/avr5\libc.a(strrev.o)
                              c:/program files (x86)/atmel/studio/7.0/toolchain/avr8/avr8-gnu-toolchain/bin/../lib/gcc/avr/5.4.0/../../../../avr/lib/avr5\libc.a(ultoa_ncheck.o) (strrev)

Discarded input sections

 .data          0x00000000        0x0 C:/Program Files (x86)/Atmel/Studio/7.0/Packs/Atmel/ATmega_DFP/1.6.364/gcc/dev/atmega32/avr5/crtatmega32.o
 .bss           0x00000000        0x0 C:/Program Files (x86)/Atmel/Studio/7.0/Packs/Atmel/ATmega_DFP/1.6.364/gcc/dev/atmega32/avr5/crtatmega32.o
 .text          0x00000000        0x0 APP/APP_G_LCD.o
 .data          0x00000000        0x0 APP/APP_G_LCD.o
 .bss           0x00000000        0x0 APP/APP_G_LCD.o
 .text.NULL     0x00000000        0x2 APP/APP_G_LCD.o
 .debug_info    0x00000000       0x7b APP/APP_G_LCD.o
 .debug_abbrev  0x00000000       0x44 APP/APP_G_LCD.o
 .debug_aranges
                0x00000000       0x20 APP/APP_G_LCD.o
 .debug_ranges  0x00000000       0x10 APP/APP_G_LCD.o
 .debug_line    0x00000000       0x47 APP/APP_G_LCD.o
 .debug_str     0x00000000      0x161 APP/APP_G_LCD.o
 .comment       0x00000000       0x31 APP/APP_G_LCD.o
 .debug_frame   0x00000000       0x24 APP/APP_G_LCD.o
 .text          0x00000000        0x0 APP/APP_SEVEN_SEGMENT.o
 .data          0x00000000        0x0 APP/APP_SEVEN_SEGMENT.o
 .bss           0x00000000        0x0 APP/APP_SEVEN_SEGMENT.o
 .text.SEV_SEG  0x00000000       0x68 APP/APP_SEVEN_SEGMENT.o
 .debug_info    0x00000000      0x2bf APP/APP_SEVEN_SEGMENT.o
 .debug_abbrev  0x00000000      0x14e APP/APP_SEVEN_SEGMENT.o
 .debug_loc     0x00000000       0x66 APP/APP_SEVEN_SEGMENT.o
 .debug_aranges
                0x00000000       0x20 APP/APP_SEVEN_SEGMENT.o
 .debug_ranges  0x00000000       0x28 APP/APP_SEVEN_SEGMENT.o
 .debug_line    0x00000000      0x182 APP/APP_SEVEN_SEGMENT.o
 .debug_str     0x00000000      0x27e APP/APP_SEVEN_SEGMENT.o
 .comment       0x00000000       0x31 APP/APP_SEVEN_SEGMENT.o
 .debug_frame   0x00000000       0x24 APP/APP_SEVEN_SEGMENT.o
 .text          0x00000000        0x0 APP/LCD_APP.o
 .data          0x00000000        0x0 APP/LCD_APP.o
 .bss           0x00000000        0x0 APP/LCD_APP.o
 .rodata.str1.1
                0x00000000       0x1e APP/LCD_APP.o
 .text.LCD_APP  0x00000000       0x3a APP/LCD_APP.o
 .debug_info    0x00000000      0x190 APP/LCD_APP.o
 .debug_abbrev  0x00000000       0x9d APP/LCD_APP.o
 .debug_aranges
                0x00000000       0x20 APP/LCD_APP.o
 .debug_ranges  0x00000000       0x10 APP/LCD_APP.o
 .debug_line    0x00000000       0x66 APP/LCD_APP.o
 .debug_str     0x00000000      0x1aa APP/LCD_APP.o
 .comment       0x00000000       0x31 APP/LCD_APP.o
 .debug_frame   0x00000000       0x24 APP/LCD_APP.o
 .text          0x00000000        0x0 APP/LED.o
 .data          0x00000000        0x0 APP/LED.o
 .bss           0x00000000        0x0 APP/LED.o
 .text.LED_0    0x00000000       0x16 APP/LED.o
 .text.LED_1    0x00000000       0x16 APP/LED.o
 .text.LED_2    0x00000000       0x16 APP/LED.o
 .debug_info    0x00000000      0x200 APP/LED.o
 .debug_abbrev  0x00000000       0x9b APP/LED.o
 .debug_aranges
                0x00000000       0x30 APP/LED.o
 .debug_ranges  0x00000000       0x20 APP/LED.o
 .debug_line    0x00000000       0xc6 APP/LED.o
 .debug_str     0x00000000      0x1d6 APP/LED.o
 .comment       0x00000000       0x31 APP/LED.o
 .debug_frame   0x00000000       0x44 APP/LED.o
 .text          0x00000000        0x0 APP/PUSH_BUTTON.o
 .data          0x00000000        0x0 APP/PUSH_BUTTON.o
 .bss           0x00000000        0x0 APP/PUSH_BUTTON.o
 .text.PUSH_BUTTON
                0x00000000       0x44 APP/PUSH_BUTTON.o
 .bss.PIN_Value
                0x00000000        0x1 APP/PUSH_BUTTON.o
 .debug_info    0x00000000      0x1dd APP/PUSH_BUTTON.o
 .debug_abbrev  0x00000000       0xbc APP/PUSH_BUTTON.o
 .debug_aranges
                0x00000000       0x20 APP/PUSH_BUTTON.o
 .debug_ranges  0x00000000       0x10 APP/PUSH_BUTTON.o
 .debug_line    0x00000000       0xc0 APP/PUSH_BUTTON.o
 .debug_str     0x00000000      0x200 APP/PUSH_BUTTON.o
 .comment       0x00000000       0x31 APP/PUSH_BUTTON.o
 .debug_frame   0x00000000       0x24 APP/PUSH_BUTTON.o
 .text          0x00000000        0x0 APP/PUSH_BUTTON_2.o
 .data          0x00000000        0x0 APP/PUSH_BUTTON_2.o
 .bss           0x00000000        0x0 APP/PUSH_BUTTON_2.o
 .text.PUSH_BUTTON_2
                0x00000000      0x27a APP/PUSH_BUTTON_2.o
 .debug_info    0x00000000      0x8be APP/PUSH_BUTTON_2.o
 .debug_abbrev  0x00000000      0x148 APP/PUSH_BUTTON_2.o
 .debug_loc     0x00000000      0x2ed APP/PUSH_BUTTON_2.o
 .debug_aranges
                0x00000000       0x20 APP/PUSH_BUTTON_2.o
 .debug_ranges  0x00000000       0x10 APP/PUSH_BUTTON_2.o
 .debug_line    0x00000000      0x313 APP/PUSH_BUTTON_2.o
 .debug_str     0x00000000      0x297 APP/PUSH_BUTTON_2.o
 .comment       0x00000000       0x31 APP/PUSH_BUTTON_2.o
 .debug_frame   0x00000000       0x24 APP/PUSH_BUTTON_2.o
 .text          0x00000000        0x0 APP/SEVEN_SEG_FROM_TO.o
 .data          0x00000000        0x0 APP/SEVEN_SEG_FROM_TO.o
 .bss           0x00000000        0x0 APP/SEVEN_SEG_FROM_TO.o
 .text.SEV_SEG_FROM_TO
                0x00000000       0xce APP/SEVEN_SEG_FROM_TO.o
 .debug_info    0x00000000      0x300 APP/SEVEN_SEG_FROM_TO.o
 .debug_abbrev  0x00000000      0x141 APP/SEVEN_SEG_FROM_TO.o
 .debug_loc     0x00000000      0x1f0 APP/SEVEN_SEG_FROM_TO.o
 .debug_aranges
                0x00000000       0x20 APP/SEVEN_SEG_FROM_TO.o
 .debug_ranges  0x00000000       0x10 APP/SEVEN_SEG_FROM_TO.o
 .debug_line    0x00000000      0x1cb APP/SEVEN_SEG_FROM_TO.o
 .debug_str     0x00000000      0x29e APP/SEVEN_SEG_FROM_TO.o
 .comment       0x00000000       0x31 APP/SEVEN_SEG_FROM_TO.o
 .debug_frame   0x00000000       0x4c APP/SEVEN_SEG_FROM_TO.o
 .text          0x00000000        0x0 HAL/G_LCD/G_LCD.o
 .data          0x00000000        0x0 HAL/G_LCD/G_LCD.o
 .bss           0x00000000        0x0 HAL/G_LCD/G_LCD.o
 .text          0x00000000        0x0 HAL/LCD/LCD_16x2_C_file.o
 .data          0x00000000        0x0 HAL/LCD/LCD_16x2_C_file.o
 .bss           0x00000000        0x0 HAL/LCD/LCD_16x2_C_file.o
 .text.LCD_Command
                0x00000000       0x22 HAL/LCD/LCD_16x2_C_file.o
 .text.LCD_Char
                0x00000000       0x22 HAL/LCD/LCD_16x2_C_file.o
 .text.LCD_Init
                0x00000000       0x3c HAL/LCD/LCD_16x2_C_file.o
 .text.LCD_String
                0x00000000       0x1e HAL/LCD/LCD_16x2_C_file.o
 .text.LCD_String_xy
                0x00000000       0x30 HAL/LCD/LCD_16x2_C_file.o
 .text.LCD_Clear
                0x00000000        0xe HAL/LCD/LCD_16x2_C_file.o
 .debug_info    0x00000000      0x3ed HAL/LCD/LCD_16x2_C_file.o
 .debug_abbrev  0x00000000      0x17f HAL/LCD/LCD_16x2_C_file.o
 .debug_loc     0x00000000      0x35d HAL/LCD/LCD_16x2_C_file.o
 .debug_aranges
                0x00000000       0x48 HAL/LCD/LCD_16x2_C_file.o
 .debug_ranges  0x00000000       0x38 HAL/LCD/LCD_16x2_C_file.o
 .debug_line    0x00000000      0x242 HAL/LCD/LCD_16x2_C_file.o
 .debug_str     0x00000000      0x218 HAL/LCD/LCD_16x2_C_file.o
 .comment       0x00000000       0x31 HAL/LCD/LCD_16x2_C_file.o
 .debug_frame   0x00000000       0x8c HAL/LCD/LCD_16x2_C_file.o
 .text          0x00000000        0x0 HAL/SEVEN_SEGMENT/SEVEN_SEGMENT.o
 .data          0x00000000        0x0 HAL/SEVEN_SEGMENT/SEVEN_SEGMENT.o
 .bss           0x00000000        0x0 HAL/SEVEN_SEGMENT/SEVEN_SEGMENT.o
 .text.SEVEN_SEGMENT_INITIALIZATION
                0x00000000       0x3e HAL/SEVEN_SEGMENT/SEVEN_SEGMENT.o
 .text.SEVEN_SEGMENT_ENABLE1
                0x00000000        0xc HAL/SEVEN_SEGMENT/SEVEN_SEGMENT.o
 .text.SEVEN_SEGMENT_DISABLE1
                0x00000000        0xc HAL/SEVEN_SEGMENT/SEVEN_SEGMENT.o
 .text.SEVEN_SEGMENT_ENABLE2
                0x00000000        0xc HAL/SEVEN_SEGMENT/SEVEN_SEGMENT.o
 .text.SEVEN_SEGMENT_DISABLE2
                0x00000000        0xc HAL/SEVEN_SEGMENT/SEVEN_SEGMENT.o
 .text.SEVEN_SEGMENT_WRITE_NUMBER
                0x00000000       0x42 HAL/SEVEN_SEGMENT/SEVEN_SEGMENT.o
 .debug_info    0x00000000      0x34a HAL/SEVEN_SEGMENT/SEVEN_SEGMENT.o
 .debug_abbrev  0x00000000       0xc4 HAL/SEVEN_SEGMENT/SEVEN_SEGMENT.o
 .debug_loc     0x00000000       0x4e HAL/SEVEN_SEGMENT/SEVEN_SEGMENT.o
 .debug_aranges
                0x00000000       0x48 HAL/SEVEN_SEGMENT/SEVEN_SEGMENT.o
 .debug_ranges  0x00000000       0x38 HAL/SEVEN_SEGMENT/SEVEN_SEGMENT.o
 .debug_line    0x00000000      0x16c HAL/SEVEN_SEGMENT/SEVEN_SEGMENT.o
 .debug_str     0x00000000      0x275 HAL/SEVEN_SEGMENT/SEVEN_SEGMENT.o
 .comment       0x00000000       0x31 HAL/SEVEN_SEGMENT/SEVEN_SEGMENT.o
 .debug_frame   0x00000000       0x7c HAL/SEVEN_SEGMENT/SEVEN_SEGMENT.o
 .text          0x00000000        0x0 main.o
 .data          0x00000000        0x0 main.o
 .bss           0x00000000        0x0 main.o
 .progmem.data.Ninty_One
                0x00000000      0x400 main.o
 .progmem.data.Eighty_One
                0x00000000      0x400 main.o
 .progmem.data.Seventy_One
                0x00000000      0x400 main.o
 .progmem.data.Sixty_One
                0x00000000      0x400 main.o
 .progmem.data.Fifty_One
                0x00000000      0x400 main.o
 .progmem.data.Forty_One
                0x00000000      0x400 main.o
 .progmem.data.Thirty_One
                0x00000000      0x400 main.o
 .progmem.data.Twenty_One
                0x00000000      0x400 main.o
 .progmem.data.One
                0x00000000      0x400 main.o
 .progmem.data.Zero
                0x00000000      0x400 main.o
 .progmem.data.img
                0x00000000      0x400 main.o
 .text          0x00000000        0x0 MCAL/DIO/DIO.o
 .data          0x00000000        0x0 MCAL/DIO/DIO.o
 .bss           0x00000000        0x0 MCAL/DIO/DIO.o
 .text.DIO_SetPortDirection
                0x00000000       0x50 MCAL/DIO/DIO.o
 .text.DIO_SetPortValue
                0x00000000       0x20 MCAL/DIO/DIO.o
 .text.DIO_SetPinDirection
                0x00000000       0x9c MCAL/DIO/DIO.o
 .text.DIO_SetPinValue
                0x00000000       0xec MCAL/DIO/DIO.o
 .text.DIO_GetPinValue
                0x00000000       0x6a MCAL/DIO/DIO.o
 .debug_info    0x00000000      0x267 MCAL/DIO/DIO.o
 .debug_abbrev  0x00000000       0xbb MCAL/DIO/DIO.o
 .debug_loc     0x00000000      0x2b7 MCAL/DIO/DIO.o
 .debug_aranges
                0x00000000       0x40 MCAL/DIO/DIO.o
 .debug_ranges  0x00000000       0x30 MCAL/DIO/DIO.o
 .debug_line    0x00000000      0x205 MCAL/DIO/DIO.o
 .debug_str     0x00000000      0x25e MCAL/DIO/DIO.o
 .comment       0x00000000       0x31 MCAL/DIO/DIO.o
 .debug_frame   0x00000000       0x64 MCAL/DIO/DIO.o
 .text          0x00000000        0x0 MCAL/EXTERNAL_INT/EXTERNAL_INT.o
 .data          0x00000000        0x0 MCAL/EXTERNAL_INT/EXTERNAL_INT.o
 .bss           0x00000000        0x0 MCAL/EXTERNAL_INT/EXTERNAL_INT.o
 .text.EXT_INT_SELECT_TRIGGER_MODE
                0x00000000        0xe MCAL/EXTERNAL_INT/EXTERNAL_INT.o
 .text.SET_GLOBAL_INT
                0x00000000        0x8 MCAL/EXTERNAL_INT/EXTERNAL_INT.o
 .text.EXTERNAL_INT0_INIT
                0x00000000       0x56 MCAL/EXTERNAL_INT/EXTERNAL_INT.o
 .text.EXTERNAL_INT1_INIT
                0x00000000       0x56 MCAL/EXTERNAL_INT/EXTERNAL_INT.o
 .text.EXTERNAL_INT2_INIT
                0x00000000       0x26 MCAL/EXTERNAL_INT/EXTERNAL_INT.o
 .text.EXTERNAL_INIT0_SET_CALLBACK
                0x00000000        0xa MCAL/EXTERNAL_INT/EXTERNAL_INT.o
 .text.EXTERNAL_INIT1_SET_CALLBACK
                0x00000000        0xa MCAL/EXTERNAL_INT/EXTERNAL_INT.o
 .data.EXTERNAL_INT2_TRIGGER_MODE
                0x00000000        0x1 MCAL/EXTERNAL_INT/EXTERNAL_INT.o
 .data.EXTERNAL_INT1_TRIGGER_MODE
                0x00000000        0x1 MCAL/EXTERNAL_INT/EXTERNAL_INT.o
 .data.EXTERNAL_INT0_TRIGGER_MODE
                0x00000000        0x1 MCAL/EXTERNAL_INT/EXTERNAL_INT.o
 .text          0x00000000        0x0 MCAL/TIMER_00/Timer.o
 .data          0x00000000        0x0 MCAL/TIMER_00/Timer.o
 .bss           0x00000000        0x0 MCAL/TIMER_00/Timer.o
 .text.Timer0_Init
                0x00000000       0x1a MCAL/TIMER_00/Timer.o
 .text.Timer0_Start
                0x00000000       0x14 MCAL/TIMER_00/Timer.o
 .text.Timer0_Stop
                0x00000000       0x14 MCAL/TIMER_00/Timer.o
 .text.Timer0_SetDelay
                0x00000000       0x62 MCAL/TIMER_00/Timer.o
 .text.TIMER_0_INIT_SET_CALLBACK
                0x00000000        0xa MCAL/TIMER_00/Timer.o
 .text.PWM0_Init
                0x00000000       0x16 MCAL/TIMER_00/Timer.o
 .text.PWM0_SetDutyCycle
                0x00000000       0x12 MCAL/TIMER_00/Timer.o
 .text.PWM0_Start
                0x00000000        0x8 MCAL/TIMER_00/Timer.o
 .text.Timer01_Init
                0x00000000       0x14 MCAL/TIMER_00/Timer.o
 .text.Timer01_Start
                0x00000000       0x14 MCAL/TIMER_00/Timer.o
 .text.Timer01_Stop
                0x00000000       0x14 MCAL/TIMER_00/Timer.o
 .text.Timer01_SetDelay
                0x00000000       0x48 MCAL/TIMER_00/Timer.o
 .text.TIMER_2_SELECT_MODE
                0x00000000        0xa MCAL/TIMER_00/Timer.o
 .text.TIMER_2_INT_STATE
                0x00000000       0x32 MCAL/TIMER_00/Timer.o
 .text.TIMER_2_INIT
                0x00000000       0x44 MCAL/TIMER_00/Timer.o
 .text.TIMER_2_START
                0x00000000       0x4c MCAL/TIMER_00/Timer.o
 .text.TIMER_2_STOP
                0x00000000       0x14 MCAL/TIMER_00/Timer.o
 .text.TIMER_2_SET_DELAY
                0x00000000       0xa8 MCAL/TIMER_00/Timer.o
 .text.TIMER_2_PWM_SET_DUTY_CYCLE
                0x00000000       0x1a MCAL/TIMER_00/Timer.o
 .text.TIMER_2_INIT_SET_CALLBACK
                0x00000000        0xa MCAL/TIMER_00/Timer.o
 .bss.CALLBACK_PTTR
                0x00000000        0x2 MCAL/TIMER_00/Timer.o
 .bss.CALLBACK_PTTR_TIMER_0
                0x00000000        0x2 MCAL/TIMER_00/Timer.o
 .data.INT_TIMER_2
                0x00000000        0x1 MCAL/TIMER_00/Timer.o
 .bss.MODE_2    0x00000000        0x1 MCAL/TIMER_00/Timer.o
 .bss.Init_value_2
                0x00000000        0x2 MCAL/TIMER_00/Timer.o
 .bss.NUM_OVF_2
                0x00000000        0x2 MCAL/TIMER_00/Timer.o
 .bss.timer01_NUM_Compare
                0x00000000        0x2 MCAL/TIMER_00/Timer.o
 .bss.Init_value
                0x00000000        0x2 MCAL/TIMER_00/Timer.o
 .bss.NUM_OVF   0x00000000        0x2 MCAL/TIMER_00/Timer.o
 .debug_info    0x00000000      0x4b3 MCAL/TIMER_00/Timer.o
 .debug_abbrev  0x00000000      0x157 MCAL/TIMER_00/Timer.o
 .debug_loc     0x00000000      0x1e8 MCAL/TIMER_00/Timer.o
 .debug_aranges
                0x00000000       0xb8 MCAL/TIMER_00/Timer.o
 .debug_ranges  0x00000000       0xa8 MCAL/TIMER_00/Timer.o
 .debug_line    0x00000000      0x409 MCAL/TIMER_00/Timer.o
 .debug_str     0x00000000      0x436 MCAL/TIMER_00/Timer.o
 .comment       0x00000000       0x31 MCAL/TIMER_00/Timer.o
 .debug_frame   0x00000000      0x154 MCAL/TIMER_00/Timer.o
 .text          0x00000000        0x0 c:/program files (x86)/atmel/studio/7.0/toolchain/avr8/avr8-gnu-toolchain/bin/../lib/gcc/avr/5.4.0/../../../../avr/lib/avr5\libm.a(addsf3.o)
 .data          0x00000000        0x0 c:/program files (x86)/atmel/studio/7.0/toolchain/avr8/avr8-gnu-toolchain/bin/../lib/gcc/avr/5.4.0/../../../../avr/lib/avr5\libm.a(addsf3.o)
 .bss           0x00000000        0x0 c:/program files (x86)/atmel/studio/7.0/toolchain/avr8/avr8-gnu-toolchain/bin/../lib/gcc/avr/5.4.0/../../../../avr/lib/avr5\libm.a(addsf3.o)
 .text          0x00000000        0x0 c:/program files (x86)/atmel/studio/7.0/toolchain/avr8/avr8-gnu-toolchain/bin/../lib/gcc/avr/5.4.0/../../../../avr/lib/avr5\libm.a(addsf3x.o)
 .data          0x00000000        0x0 c:/program files (x86)/atmel/studio/7.0/toolchain/avr8/avr8-gnu-toolchain/bin/../lib/gcc/avr/5.4.0/../../../../avr/lib/avr5\libm.a(addsf3x.o)
 .bss           0x00000000        0x0 c:/program files (x86)/atmel/studio/7.0/toolchain/avr8/avr8-gnu-toolchain/bin/../lib/gcc/avr/5.4.0/../../../../avr/lib/avr5\libm.a(addsf3x.o)
 .text          0x00000000        0x0 c:/program files (x86)/atmel/studio/7.0/toolchain/avr8/avr8-gnu-toolchain/bin/../lib/gcc/avr/5.4.0/../../../../avr/lib/avr5\libm.a(divsf3.o)
 .data          0x00000000        0x0 c:/program files (x86)/atmel/studio/7.0/toolchain/avr8/avr8-gnu-toolchain/bin/../lib/gcc/avr/5.4.0/../../../../avr/lib/avr5\libm.a(divsf3.o)
 .bss           0x00000000        0x0 c:/program files (x86)/atmel/studio/7.0/toolchain/avr8/avr8-gnu-toolchain/bin/../lib/gcc/avr/5.4.0/../../../../avr/lib/avr5\libm.a(divsf3.o)
 .text          0x00000000        0x0 c:/program files (x86)/atmel/studio/7.0/toolchain/avr8/avr8-gnu-toolchain/bin/../lib/gcc/avr/5.4.0/../../../../avr/lib/avr5\libm.a(divsf3x.o)
 .data          0x00000000        0x0 c:/program files (x86)/atmel/studio/7.0/toolchain/avr8/avr8-gnu-toolchain/bin/../lib/gcc/avr/5.4.0/../../../../avr/lib/avr5\libm.a(divsf3x.o)
 .bss           0x00000000        0x0 c:/program files (x86)/atmel/studio/7.0/toolchain/avr8/avr8-gnu-toolchain/bin/../lib/gcc/avr/5.4.0/../../../../avr/lib/avr5\libm.a(divsf3x.o)
 .text          0x00000000        0x0 c:/program files (x86)/atmel/studio/7.0/toolchain/avr8/avr8-gnu-toolchain/bin/../lib/gcc/avr/5.4.0/../../../../avr/lib/avr5\libm.a(fixsfsi.o)
 .data          0x00000000        0x0 c:/program files (x86)/atmel/studio/7.0/toolchain/avr8/avr8-gnu-toolchain/bin/../lib/gcc/avr/5.4.0/../../../../avr/lib/avr5\libm.a(fixsfsi.o)
 .bss           0x00000000        0x0 c:/program files (x86)/atmel/studio/7.0/toolchain/avr8/avr8-gnu-toolchain/bin/../lib/gcc/avr/5.4.0/../../../../avr/lib/avr5\libm.a(fixsfsi.o)
 .text          0x00000000        0x0 c:/program files (x86)/atmel/studio/7.0/toolchain/avr8/avr8-gnu-toolchain/bin/../lib/gcc/avr/5.4.0/../../../../avr/lib/avr5\libm.a(fixunssfsi.o)
 .data          0x00000000        0x0 c:/program files (x86)/atmel/studio/7.0/toolchain/avr8/avr8-gnu-toolchain/bin/../lib/gcc/avr/5.4.0/../../../../avr/lib/avr5\libm.a(fixunssfsi.o)
 .bss           0x00000000        0x0 c:/program files (x86)/atmel/studio/7.0/toolchain/avr8/avr8-gnu-toolchain/bin/../lib/gcc/avr/5.4.0/../../../../avr/lib/avr5\libm.a(fixunssfsi.o)
 .text          0x00000000        0x0 c:/program files (x86)/atmel/studio/7.0/toolchain/avr8/avr8-gnu-toolchain/bin/../lib/gcc/avr/5.4.0/../../../../avr/lib/avr5\libm.a(floatsisf.o)
 .data          0x00000000        0x0 c:/program files (x86)/atmel/studio/7.0/toolchain/avr8/avr8-gnu-toolchain/bin/../lib/gcc/avr/5.4.0/../../../../avr/lib/avr5\libm.a(floatsisf.o)
 .bss           0x00000000        0x0 c:/program files (x86)/atmel/studio/7.0/toolchain/avr8/avr8-gnu-toolchain/bin/../lib/gcc/avr/5.4.0/../../../../avr/lib/avr5\libm.a(floatsisf.o)
 .text          0x00000000        0x0 c:/program files (x86)/atmel/studio/7.0/toolchain/avr8/avr8-gnu-toolchain/bin/../lib/gcc/avr/5.4.0/../../../../avr/lib/avr5\libm.a(fp_inf.o)
 .data          0x00000000        0x0 c:/program files (x86)/atmel/studio/7.0/toolchain/avr8/avr8-gnu-toolchain/bin/../lib/gcc/avr/5.4.0/../../../../avr/lib/avr5\libm.a(fp_inf.o)
 .bss           0x00000000        0x0 c:/program files (x86)/atmel/studio/7.0/toolchain/avr8/avr8-gnu-toolchain/bin/../lib/gcc/avr/5.4.0/../../../../avr/lib/avr5\libm.a(fp_inf.o)
 .text          0x00000000        0x0 c:/program files (x86)/atmel/studio/7.0/toolchain/avr8/avr8-gnu-toolchain/bin/../lib/gcc/avr/5.4.0/../../../../avr/lib/avr5\libm.a(fp_nan.o)
 .data          0x00000000        0x0 c:/program files (x86)/atmel/studio/7.0/toolchain/avr8/avr8-gnu-toolchain/bin/../lib/gcc/avr/5.4.0/../../../../avr/lib/avr5\libm.a(fp_nan.o)
 .bss           0x00000000        0x0 c:/program files (x86)/atmel/studio/7.0/toolchain/avr8/avr8-gnu-toolchain/bin/../lib/gcc/avr/5.4.0/../../../../avr/lib/avr5\libm.a(fp_nan.o)
 .text          0x00000000        0x0 c:/program files (x86)/atmel/studio/7.0/toolchain/avr8/avr8-gnu-toolchain/bin/../lib/gcc/avr/5.4.0/../../../../avr/lib/avr5\libm.a(fp_pscA.o)
 .data          0x00000000        0x0 c:/program files (x86)/atmel/studio/7.0/toolchain/avr8/avr8-gnu-toolchain/bin/../lib/gcc/avr/5.4.0/../../../../avr/lib/avr5\libm.a(fp_pscA.o)
 .bss           0x00000000        0x0 c:/program files (x86)/atmel/studio/7.0/toolchain/avr8/avr8-gnu-toolchain/bin/../lib/gcc/avr/5.4.0/../../../../avr/lib/avr5\libm.a(fp_pscA.o)
 .text          0x00000000        0x0 c:/program files (x86)/atmel/studio/7.0/toolchain/avr8/avr8-gnu-toolchain/bin/../lib/gcc/avr/5.4.0/../../../../avr/lib/avr5\libm.a(fp_pscB.o)
 .data          0x00000000        0x0 c:/program files (x86)/atmel/studio/7.0/toolchain/avr8/avr8-gnu-toolchain/bin/../lib/gcc/avr/5.4.0/../../../../avr/lib/avr5\libm.a(fp_pscB.o)
 .bss           0x00000000        0x0 c:/program files (x86)/atmel/studio/7.0/toolchain/avr8/avr8-gnu-toolchain/bin/../lib/gcc/avr/5.4.0/../../../../avr/lib/avr5\libm.a(fp_pscB.o)
 .text          0x00000000        0x0 c:/program files (x86)/atmel/studio/7.0/toolchain/avr8/avr8-gnu-toolchain/bin/../lib/gcc/avr/5.4.0/../../../../avr/lib/avr5\libm.a(fp_round.o)
 .data          0x00000000        0x0 c:/program files (x86)/atmel/studio/7.0/toolchain/avr8/avr8-gnu-toolchain/bin/../lib/gcc/avr/5.4.0/../../../../avr/lib/avr5\libm.a(fp_round.o)
 .bss           0x00000000        0x0 c:/program files (x86)/atmel/studio/7.0/toolchain/avr8/avr8-gnu-toolchain/bin/../lib/gcc/avr/5.4.0/../../../../avr/lib/avr5\libm.a(fp_round.o)
 .text          0x00000000        0x0 c:/program files (x86)/atmel/studio/7.0/toolchain/avr8/avr8-gnu-toolchain/bin/../lib/gcc/avr/5.4.0/../../../../avr/lib/avr5\libm.a(fp_split3.o)
 .data          0x00000000        0x0 c:/program files (x86)/atmel/studio/7.0/toolchain/avr8/avr8-gnu-toolchain/bin/../lib/gcc/avr/5.4.0/../../../../avr/lib/avr5\libm.a(fp_split3.o)
 .bss           0x00000000        0x0 c:/program files (x86)/atmel/studio/7.0/toolchain/avr8/avr8-gnu-toolchain/bin/../lib/gcc/avr/5.4.0/../../../../avr/lib/avr5\libm.a(fp_split3.o)
 .text          0x00000000        0x0 c:/program files (x86)/atmel/studio/7.0/toolchain/avr8/avr8-gnu-toolchain/bin/../lib/gcc/avr/5.4.0/../../../../avr/lib/avr5\libm.a(fp_zero.o)
 .data          0x00000000        0x0 c:/program files (x86)/atmel/studio/7.0/toolchain/avr8/avr8-gnu-toolchain/bin/../lib/gcc/avr/5.4.0/../../../../avr/lib/avr5\libm.a(fp_zero.o)
 .bss           0x00000000        0x0 c:/program files (x86)/atmel/studio/7.0/toolchain/avr8/avr8-gnu-toolchain/bin/../lib/gcc/avr/5.4.0/../../../../avr/lib/avr5\libm.a(fp_zero.o)
 .text          0x00000000        0x0 c:/program files (x86)/atmel/studio/7.0/toolchain/avr8/avr8-gnu-toolchain/bin/../lib/gcc/avr/5.4.0/../../../../avr/lib/avr5\libm.a(mulsf3.o)
 .data          0x00000000        0x0 c:/program files (x86)/atmel/studio/7.0/toolchain/avr8/avr8-gnu-toolchain/bin/../lib/gcc/avr/5.4.0/../../../../avr/lib/avr5\libm.a(mulsf3.o)
 .bss           0x00000000        0x0 c:/program files (x86)/atmel/studio/7.0/toolchain/avr8/avr8-gnu-toolchain/bin/../lib/gcc/avr/5.4.0/../../../../avr/lib/avr5\libm.a(mulsf3.o)
 .text          0x00000000        0x0 c:/program files (x86)/atmel/studio/7.0/toolchain/avr8/avr8-gnu-toolchain/bin/../lib/gcc/avr/5.4.0/../../../../avr/lib/avr5\libm.a(mulsf3x.o)
 .data          0x00000000        0x0 c:/program files (x86)/atmel/studio/7.0/toolchain/avr8/avr8-gnu-toolchain/bin/../lib/gcc/avr/5.4.0/../../../../avr/lib/avr5\libm.a(mulsf3x.o)
 .bss           0x00000000        0x0 c:/program files (x86)/atmel/studio/7.0/toolchain/avr8/avr8-gnu-toolchain/bin/../lib/gcc/avr/5.4.0/../../../../avr/lib/avr5\libm.a(mulsf3x.o)
 .text          0x00000000        0x0 c:/program files (x86)/atmel/studio/7.0/toolchain/avr8/avr8-gnu-toolchain/bin/../lib/gcc/avr/5.4.0/avr5\libgcc.a(_divmodhi4.o)
 .data          0x00000000        0x0 c:/program files (x86)/atmel/studio/7.0/toolchain/avr8/avr8-gnu-toolchain/bin/../lib/gcc/avr/5.4.0/avr5\libgcc.a(_divmodhi4.o)
 .bss           0x00000000        0x0 c:/program files (x86)/atmel/studio/7.0/toolchain/avr8/avr8-gnu-toolchain/bin/../lib/gcc/avr/5.4.0/avr5\libgcc.a(_divmodhi4.o)
 .text.libgcc.mul
                0x00000000        0x0 c:/program files (x86)/atmel/studio/7.0/toolchain/avr8/avr8-gnu-toolchain/bin/../lib/gcc/avr/5.4.0/avr5\libgcc.a(_divmodhi4.o)
 .text.libgcc.div
                0x00000000       0x28 c:/program files (x86)/atmel/studio/7.0/toolchain/avr8/avr8-gnu-toolchain/bin/../lib/gcc/avr/5.4.0/avr5\libgcc.a(_divmodhi4.o)
 .text.libgcc   0x00000000        0x0 c:/program files (x86)/atmel/studio/7.0/toolchain/avr8/avr8-gnu-toolchain/bin/../lib/gcc/avr/5.4.0/avr5\libgcc.a(_divmodhi4.o)
 .text.libgcc.prologue
                0x00000000        0x0 c:/program files (x86)/atmel/studio/7.0/toolchain/avr8/avr8-gnu-toolchain/bin/../lib/gcc/avr/5.4.0/avr5\libgcc.a(_divmodhi4.o)
 .text.libgcc.builtins
                0x00000000        0x0 c:/program files (x86)/atmel/studio/7.0/toolchain/avr8/avr8-gnu-toolchain/bin/../lib/gcc/avr/5.4.0/avr5\libgcc.a(_divmodhi4.o)
 .text.libgcc.fmul
                0x00000000        0x0 c:/program files (x86)/atmel/studio/7.0/toolchain/avr8/avr8-gnu-toolchain/bin/../lib/gcc/avr/5.4.0/avr5\libgcc.a(_divmodhi4.o)
 .text.libgcc.fixed
                0x00000000        0x0 c:/program files (x86)/atmel/studio/7.0/toolchain/avr8/avr8-gnu-toolchain/bin/../lib/gcc/avr/5.4.0/avr5\libgcc.a(_divmodhi4.o)
 .text          0x00000000        0x0 c:/program files (x86)/atmel/studio/7.0/toolchain/avr8/avr8-gnu-toolchain/bin/../lib/gcc/avr/5.4.0/avr5\libgcc.a(_udivmodsi4.o)
 .data          0x00000000        0x0 c:/program files (x86)/atmel/studio/7.0/toolchain/avr8/avr8-gnu-toolchain/bin/../lib/gcc/avr/5.4.0/avr5\libgcc.a(_udivmodsi4.o)
 .bss           0x00000000        0x0 c:/program files (x86)/atmel/studio/7.0/toolchain/avr8/avr8-gnu-toolchain/bin/../lib/gcc/avr/5.4.0/avr5\libgcc.a(_udivmodsi4.o)
 .text.libgcc.mul
                0x00000000        0x0 c:/program files (x86)/atmel/studio/7.0/toolchain/avr8/avr8-gnu-toolchain/bin/../lib/gcc/avr/5.4.0/avr5\libgcc.a(_udivmodsi4.o)
 .text.libgcc   0x00000000        0x0 c:/program files (x86)/atmel/studio/7.0/toolchain/avr8/avr8-gnu-toolchain/bin/../lib/gcc/avr/5.4.0/avr5\libgcc.a(_udivmodsi4.o)
 .text.libgcc.prologue
                0x00000000        0x0 c:/program files (x86)/atmel/studio/7.0/toolchain/avr8/avr8-gnu-toolchain/bin/../lib/gcc/avr/5.4.0/avr5\libgcc.a(_udivmodsi4.o)
 .text.libgcc.builtins
                0x00000000        0x0 c:/program files (x86)/atmel/studio/7.0/toolchain/avr8/avr8-gnu-toolchain/bin/../lib/gcc/avr/5.4.0/avr5\libgcc.a(_udivmodsi4.o)
 .text.libgcc.fmul
                0x00000000        0x0 c:/program files (x86)/atmel/studio/7.0/toolchain/avr8/avr8-gnu-toolchain/bin/../lib/gcc/avr/5.4.0/avr5\libgcc.a(_udivmodsi4.o)
 .text.libgcc.fixed
                0x00000000        0x0 c:/program files (x86)/atmel/studio/7.0/toolchain/avr8/avr8-gnu-toolchain/bin/../lib/gcc/avr/5.4.0/avr5\libgcc.a(_udivmodsi4.o)
 .text          0x00000000        0x0 c:/program files (x86)/atmel/studio/7.0/toolchain/avr8/avr8-gnu-toolchain/bin/../lib/gcc/avr/5.4.0/avr5\libgcc.a(_exit.o)
 .data          0x00000000        0x0 c:/program files (x86)/atmel/studio/7.0/toolchain/avr8/avr8-gnu-toolchain/bin/../lib/gcc/avr/5.4.0/avr5\libgcc.a(_exit.o)
 .bss           0x00000000        0x0 c:/program files (x86)/atmel/studio/7.0/toolchain/avr8/avr8-gnu-toolchain/bin/../lib/gcc/avr/5.4.0/avr5\libgcc.a(_exit.o)
 .text.libgcc.mul
                0x00000000        0x0 c:/program files (x86)/atmel/studio/7.0/toolchain/avr8/avr8-gnu-toolchain/bin/../lib/gcc/avr/5.4.0/avr5\libgcc.a(_exit.o)
 .text.libgcc.div
                0x00000000        0x0 c:/program files (x86)/atmel/studio/7.0/toolchain/avr8/avr8-gnu-toolchain/bin/../lib/gcc/avr/5.4.0/avr5\libgcc.a(_exit.o)
 .text.libgcc   0x00000000        0x0 c:/program files (x86)/atmel/studio/7.0/toolchain/avr8/avr8-gnu-toolchain/bin/../lib/gcc/avr/5.4.0/avr5\libgcc.a(_exit.o)
 .text.libgcc.prologue
                0x00000000        0x0 c:/program files (x86)/atmel/studio/7.0/toolchain/avr8/avr8-gnu-toolchain/bin/../lib/gcc/avr/5.4.0/avr5\libgcc.a(_exit.o)
 .text.libgcc.builtins
                0x00000000        0x0 c:/program files (x86)/atmel/studio/7.0/toolchain/avr8/avr8-gnu-toolchain/bin/../lib/gcc/avr/5.4.0/avr5\libgcc.a(_exit.o)
 .text.libgcc.fmul
                0x00000000        0x0 c:/program files (x86)/atmel/studio/7.0/toolchain/avr8/avr8-gnu-toolchain/bin/../lib/gcc/avr/5.4.0/avr5\libgcc.a(_exit.o)
 .text.libgcc.fixed
                0x00000000        0x0 c:/program files (x86)/atmel/studio/7.0/toolchain/avr8/avr8-gnu-toolchain/bin/../lib/gcc/avr/5.4.0/avr5\libgcc.a(_exit.o)
 .text          0x00000000        0x0 c:/program files (x86)/atmel/studio/7.0/toolchain/avr8/avr8-gnu-toolchain/bin/../lib/gcc/avr/5.4.0/avr5\libgcc.a(_copy_data.o)
 .data          0x00000000        0x0 c:/program files (x86)/atmel/studio/7.0/toolchain/avr8/avr8-gnu-toolchain/bin/../lib/gcc/avr/5.4.0/avr5\libgcc.a(_copy_data.o)
 .bss           0x00000000        0x0 c:/program files (x86)/atmel/studio/7.0/toolchain/avr8/avr8-gnu-toolchain/bin/../lib/gcc/avr/5.4.0/avr5\libgcc.a(_copy_data.o)
 .text.libgcc.mul
                0x00000000        0x0 c:/program files (x86)/atmel/studio/7.0/toolchain/avr8/avr8-gnu-toolchain/bin/../lib/gcc/avr/5.4.0/avr5\libgcc.a(_copy_data.o)
 .text.libgcc.div
                0x00000000        0x0 c:/program files (x86)/atmel/studio/7.0/toolchain/avr8/avr8-gnu-toolchain/bin/../lib/gcc/avr/5.4.0/avr5\libgcc.a(_copy_data.o)
 .text.libgcc   0x00000000        0x0 c:/program files (x86)/atmel/studio/7.0/toolchain/avr8/avr8-gnu-toolchain/bin/../lib/gcc/avr/5.4.0/avr5\libgcc.a(_copy_data.o)
 .text.libgcc.prologue
                0x00000000        0x0 c:/program files (x86)/atmel/studio/7.0/toolchain/avr8/avr8-gnu-toolchain/bin/../lib/gcc/avr/5.4.0/avr5\libgcc.a(_copy_data.o)
 .text.libgcc.builtins
                0x00000000        0x0 c:/program files (x86)/atmel/studio/7.0/toolchain/avr8/avr8-gnu-toolchain/bin/../lib/gcc/avr/5.4.0/avr5\libgcc.a(_copy_data.o)
 .text.libgcc.fmul
                0x00000000        0x0 c:/program files (x86)/atmel/studio/7.0/toolchain/avr8/avr8-gnu-toolchain/bin/../lib/gcc/avr/5.4.0/avr5\libgcc.a(_copy_data.o)
 .text.libgcc.fixed
                0x00000000        0x0 c:/program files (x86)/atmel/studio/7.0/toolchain/avr8/avr8-gnu-toolchain/bin/../lib/gcc/avr/5.4.0/avr5\libgcc.a(_copy_data.o)
 .text          0x00000000        0x0 c:/program files (x86)/atmel/studio/7.0/toolchain/avr8/avr8-gnu-toolchain/bin/../lib/gcc/avr/5.4.0/avr5\libgcc.a(_clear_bss.o)
 .data          0x00000000        0x0 c:/program files (x86)/atmel/studio/7.0/toolchain/avr8/avr8-gnu-toolchain/bin/../lib/gcc/avr/5.4.0/avr5\libgcc.a(_clear_bss.o)
 .bss           0x00000000        0x0 c:/program files (x86)/atmel/studio/7.0/toolchain/avr8/avr8-gnu-toolchain/bin/../lib/gcc/avr/5.4.0/avr5\libgcc.a(_clear_bss.o)
 .text.libgcc.mul
                0x00000000        0x0 c:/program files (x86)/atmel/studio/7.0/toolchain/avr8/avr8-gnu-toolchain/bin/../lib/gcc/avr/5.4.0/avr5\libgcc.a(_clear_bss.o)
 .text.libgcc.div
                0x00000000        0x0 c:/program files (x86)/atmel/studio/7.0/toolchain/avr8/avr8-gnu-toolchain/bin/../lib/gcc/avr/5.4.0/avr5\libgcc.a(_clear_bss.o)
 .text.libgcc   0x00000000        0x0 c:/program files (x86)/atmel/studio/7.0/toolchain/avr8/avr8-gnu-toolchain/bin/../lib/gcc/avr/5.4.0/avr5\libgcc.a(_clear_bss.o)
 .text.libgcc.prologue
                0x00000000        0x0 c:/program files (x86)/atmel/studio/7.0/toolchain/avr8/avr8-gnu-toolchain/bin/../lib/gcc/avr/5.4.0/avr5\libgcc.a(_clear_bss.o)
 .text.libgcc.builtins
                0x00000000        0x0 c:/program files (x86)/atmel/studio/7.0/toolchain/avr8/avr8-gnu-toolchain/bin/../lib/gcc/avr/5.4.0/avr5\libgcc.a(_clear_bss.o)
 .text.libgcc.fmul
                0x00000000        0x0 c:/program files (x86)/atmel/studio/7.0/toolchain/avr8/avr8-gnu-toolchain/bin/../lib/gcc/avr/5.4.0/avr5\libgcc.a(_clear_bss.o)
 .text.libgcc.fixed
                0x00000000        0x0 c:/program files (x86)/atmel/studio/7.0/toolchain/avr8/avr8-gnu-toolchain/bin/../lib/gcc/avr/5.4.0/avr5\libgcc.a(_clear_bss.o)
 .text          0x00000000        0x0 c:/program files (x86)/atmel/studio/7.0/toolchain/avr8/avr8-gnu-toolchain/bin/../lib/gcc/avr/5.4.0/avr5\libgcc.a(_umulhisi3.o)
 .data          0x00000000        0x0 c:/program files (x86)/atmel/studio/7.0/toolchain/avr8/avr8-gnu-toolchain/bin/../lib/gcc/avr/5.4.0/avr5\libgcc.a(_umulhisi3.o)
 .bss           0x00000000        0x0 c:/program files (x86)/atmel/studio/7.0/toolchain/avr8/avr8-gnu-toolchain/bin/../lib/gcc/avr/5.4.0/avr5\libgcc.a(_umulhisi3.o)
 .text.libgcc.mul
                0x00000000       0x1e c:/program files (x86)/atmel/studio/7.0/toolchain/avr8/avr8-gnu-toolchain/bin/../lib/gcc/avr/5.4.0/avr5\libgcc.a(_umulhisi3.o)
 .text.libgcc.div
                0x00000000        0x0 c:/program files (x86)/atmel/studio/7.0/toolchain/avr8/avr8-gnu-toolchain/bin/../lib/gcc/avr/5.4.0/avr5\libgcc.a(_umulhisi3.o)
 .text.libgcc   0x00000000        0x0 c:/program files (x86)/atmel/studio/7.0/toolchain/avr8/avr8-gnu-toolchain/bin/../lib/gcc/avr/5.4.0/avr5\libgcc.a(_umulhisi3.o)
 .text.libgcc.prologue
                0x00000000        0x0 c:/program files (x86)/atmel/studio/7.0/toolchain/avr8/avr8-gnu-toolchain/bin/../lib/gcc/avr/5.4.0/avr5\libgcc.a(_umulhisi3.o)
 .text.libgcc.builtins
                0x00000000        0x0 c:/program files (x86)/atmel/studio/7.0/toolchain/avr8/avr8-gnu-toolchain/bin/../lib/gcc/avr/5.4.0/avr5\libgcc.a(_umulhisi3.o)
 .text.libgcc.fmul
                0x00000000        0x0 c:/program files (x86)/atmel/studio/7.0/toolchain/avr8/avr8-gnu-toolchain/bin/../lib/gcc/avr/5.4.0/avr5\libgcc.a(_umulhisi3.o)
 .text.libgcc.fixed
                0x00000000        0x0 c:/program files (x86)/atmel/studio/7.0/toolchain/avr8/avr8-gnu-toolchain/bin/../lib/gcc/avr/5.4.0/avr5\libgcc.a(_umulhisi3.o)
 .text          0x00000000        0x0 c:/program files (x86)/atmel/studio/7.0/toolchain/avr8/avr8-gnu-toolchain/bin/../lib/gcc/avr/5.4.0/avr5\libgcc.a(_udivmodhi4.o)
 .data          0x00000000        0x0 c:/program files (x86)/atmel/studio/7.0/toolchain/avr8/avr8-gnu-toolchain/bin/../lib/gcc/avr/5.4.0/avr5\libgcc.a(_udivmodhi4.o)
 .bss           0x00000000        0x0 c:/program files (x86)/atmel/studio/7.0/toolchain/avr8/avr8-gnu-toolchain/bin/../lib/gcc/avr/5.4.0/avr5\libgcc.a(_udivmodhi4.o)
 .text.libgcc.mul
                0x00000000        0x0 c:/program files (x86)/atmel/studio/7.0/toolchain/avr8/avr8-gnu-toolchain/bin/../lib/gcc/avr/5.4.0/avr5\libgcc.a(_udivmodhi4.o)
 .text.libgcc.div
                0x00000000       0x28 c:/program files (x86)/atmel/studio/7.0/toolchain/avr8/avr8-gnu-toolchain/bin/../lib/gcc/avr/5.4.0/avr5\libgcc.a(_udivmodhi4.o)
 .text.libgcc   0x00000000        0x0 c:/program files (x86)/atmel/studio/7.0/toolchain/avr8/avr8-gnu-toolchain/bin/../lib/gcc/avr/5.4.0/avr5\libgcc.a(_udivmodhi4.o)
 .text.libgcc.prologue
                0x00000000        0x0 c:/program files (x86)/atmel/studio/7.0/toolchain/avr8/avr8-gnu-toolchain/bin/../lib/gcc/avr/5.4.0/avr5\libgcc.a(_udivmodhi4.o)
 .text.libgcc.builtins
                0x00000000        0x0 c:/program files (x86)/atmel/studio/7.0/toolchain/avr8/avr8-gnu-toolchain/bin/../lib/gcc/avr/5.4.0/avr5\libgcc.a(_udivmodhi4.o)
 .text.libgcc.fmul
                0x00000000        0x0 c:/program files (x86)/atmel/studio/7.0/toolchain/avr8/avr8-gnu-toolchain/bin/../lib/gcc/avr/5.4.0/avr5\libgcc.a(_udivmodhi4.o)
 .text.libgcc.fixed
                0x00000000        0x0 c:/program files (x86)/atmel/studio/7.0/toolchain/avr8/avr8-gnu-toolchain/bin/../lib/gcc/avr/5.4.0/avr5\libgcc.a(_udivmodhi4.o)
 .text          0x00000000        0x0 c:/program files (x86)/atmel/studio/7.0/toolchain/avr8/avr8-gnu-toolchain/bin/../lib/gcc/avr/5.4.0/../../../../avr/lib/avr5\libc.a(itoa_ncheck.o)
 .data          0x00000000        0x0 c:/program files (x86)/atmel/studio/7.0/toolchain/avr8/avr8-gnu-toolchain/bin/../lib/gcc/avr/5.4.0/../../../../avr/lib/avr5\libc.a(itoa_ncheck.o)
 .bss           0x00000000        0x0 c:/program files (x86)/atmel/studio/7.0/toolchain/avr8/avr8-gnu-toolchain/bin/../lib/gcc/avr/5.4.0/../../../../avr/lib/avr5\libc.a(itoa_ncheck.o)
 .text          0x00000000        0x0 c:/program files (x86)/atmel/studio/7.0/toolchain/avr8/avr8-gnu-toolchain/bin/../lib/gcc/avr/5.4.0/../../../../avr/lib/avr5\libc.a(ltoa_ncheck.o)
 .data          0x00000000        0x0 c:/program files (x86)/atmel/studio/7.0/toolchain/avr8/avr8-gnu-toolchain/bin/../lib/gcc/avr/5.4.0/../../../../avr/lib/avr5\libc.a(ltoa_ncheck.o)
 .bss           0x00000000        0x0 c:/program files (x86)/atmel/studio/7.0/toolchain/avr8/avr8-gnu-toolchain/bin/../lib/gcc/avr/5.4.0/../../../../avr/lib/avr5\libc.a(ltoa_ncheck.o)
 .text          0x00000000        0x0 c:/program files (x86)/atmel/studio/7.0/toolchain/avr8/avr8-gnu-toolchain/bin/../lib/gcc/avr/5.4.0/../../../../avr/lib/avr5\libc.a(ultoa_ncheck.o)
 .data          0x00000000        0x0 c:/program files (x86)/atmel/studio/7.0/toolchain/avr8/avr8-gnu-toolchain/bin/../lib/gcc/avr/5.4.0/../../../../avr/lib/avr5\libc.a(ultoa_ncheck.o)
 .bss           0x00000000        0x0 c:/program files (x86)/atmel/studio/7.0/toolchain/avr8/avr8-gnu-toolchain/bin/../lib/gcc/avr/5.4.0/../../../../avr/lib/avr5\libc.a(ultoa_ncheck.o)
 .text          0x00000000        0x0 c:/program files (x86)/atmel/studio/7.0/toolchain/avr8/avr8-gnu-toolchain/bin/../lib/gcc/avr/5.4.0/../../../../avr/lib/avr5\libc.a(utoa_ncheck.o)
 .data          0x00000000        0x0 c:/program files (x86)/atmel/studio/7.0/toolchain/avr8/avr8-gnu-toolchain/bin/../lib/gcc/avr/5.4.0/../../../../avr/lib/avr5\libc.a(utoa_ncheck.o)
 .bss           0x00000000        0x0 c:/program files (x86)/atmel/studio/7.0/toolchain/avr8/avr8-gnu-toolchain/bin/../lib/gcc/avr/5.4.0/../../../../avr/lib/avr5\libc.a(utoa_ncheck.o)
 .text          0x00000000        0x0 c:/program files (x86)/atmel/studio/7.0/toolchain/avr8/avr8-gnu-toolchain/bin/../lib/gcc/avr/5.4.0/../../../../avr/lib/avr5\libc.a(strrev.o)
 .data          0x00000000        0x0 c:/program files (x86)/atmel/studio/7.0/toolchain/avr8/avr8-gnu-toolchain/bin/../lib/gcc/avr/5.4.0/../../../../avr/lib/avr5\libc.a(strrev.o)
 .bss           0x00000000        0x0 c:/program files (x86)/atmel/studio/7.0/toolchain/avr8/avr8-gnu-toolchain/bin/../lib/gcc/avr/5.4.0/../../../../avr/lib/avr5\libc.a(strrev.o)

Memory Configuration

Name             Origin             Length             Attributes
text             0x00000000         0x00008000         xr
data             0x00800060         0x00000800         rw !x
eeprom           0x00810000         0x00000400         rw !x
fuse             0x00820000         0x00000002         rw !x
lock             0x00830000         0x00000400         rw !x
signature        0x00840000         0x00000400         rw !x
user_signatures  0x00850000         0x00000400         rw !x
*default*        0x00000000         0xffffffff

Linker script and memory map

LOAD C:/Program Files (x86)/Atmel/Studio/7.0/Packs/Atmel/ATmega_DFP/1.6.364/gcc/dev/atmega32/avr5/crtatmega32.o
LOAD APP/APP_G_LCD.o
LOAD APP/APP_SEVEN_SEGMENT.o
LOAD APP/LCD_APP.o
LOAD APP/LED.o
LOAD APP/PUSH_BUTTON.o
LOAD APP/PUSH_BUTTON_2.o
LOAD APP/SEVEN_SEG_FROM_TO.o
LOAD HAL/G_LCD/G_LCD.o
LOAD HAL/LCD/LCD_16x2_C_file.o
LOAD HAL/SEVEN_SEGMENT/SEVEN_SEGMENT.o
LOAD main.o
LOAD MCAL/DIO/DIO.o
LOAD MCAL/EXTERNAL_INT/EXTERNAL_INT.o
LOAD MCAL/TIMER_00/Timer.o
START GROUP
LOAD c:/program files (x86)/atmel/studio/7.0/toolchain/avr8/avr8-gnu-toolchain/bin/../lib/gcc/avr/5.4.0/../../../../avr/lib/avr5\libm.a
END GROUP
START GROUP
LOAD c:/program files (x86)/atmel/studio/7.0/toolchain/avr8/avr8-gnu-toolchain/bin/../lib/gcc/avr/5.4.0/avr5\libgcc.a
LOAD c:/program files (x86)/atmel/studio/7.0/toolchain/avr8/avr8-gnu-toolchain/bin/../lib/gcc/avr/5.4.0/../../../../avr/lib/avr5\libm.a
LOAD c:/program files (x86)/atmel/studio/7.0/toolchain/avr8/avr8-gnu-toolchain/bin/../lib/gcc/avr/5.4.0/../../../../avr/lib/avr5\libc.a
LOAD C:/Program Files (x86)/Atmel/Studio/7.0/Packs/Atmel/ATmega_DFP/1.6.364/gcc/dev/atmega32/avr5\libatmega32.a
END GROUP
                [0x00008000]                __TEXT_REGION_LENGTH__ = DEFINED (__TEXT_REGION_LENGTH__)?__TEXT_REGION_LENGTH__:0x20000
                [0x00000800]                __DATA_REGION_LENGTH__ = DEFINED (__DATA_REGION_LENGTH__)?__DATA_REGION_LENGTH__:0xffa0
                [0x00000400]                __EEPROM_REGION_LENGTH__ = DEFINED (__EEPROM_REGION_LENGTH__)?__EEPROM_REGION_LENGTH__:0x10000
                [0x00000002]                __FUSE_REGION_LENGTH__ = DEFINED (__FUSE_REGION_LENGTH__)?__FUSE_REGION_LENGTH__:0x400
                0x00000400                __LOCK_REGION_LENGTH__ = DEFINED (__LOCK_REGION_LENGTH__)?__LOCK_REGION_LENGTH__:0x400
                0x00000400                __SIGNATURE_REGION_LENGTH__ = DEFINED (__SIGNATURE_REGION_LENGTH__)?__SIGNATURE_REGION_LENGTH__:0x400
                0x00000400                __USER_SIGNATURE_REGION_LENGTH__ = DEFINED (__USER_SIGNATURE_REGION_LENGTH__)?__USER_SIGNATURE_REGION_LENGTH__:0x400

.hash
 *(.hash)

.dynsym
 *(.dynsym)

.dynstr
 *(.dynstr)

.gnu.version
 *(.gnu.version)

.gnu.version_d
 *(.gnu.version_d)

.gnu.version_r
 *(.gnu.version_r)

.rel.init
 *(.rel.init)

.rela.init
 *(.rela.init)

.rel.text
 *(.rel.text)
 *(.rel.text.*)
 *(.rel.gnu.linkonce.t*)

.rela.text
 *(.rela.text)
 *(.rela.text.*)
 *(.rela.gnu.linkonce.t*)

.rel.fini
 *(.rel.fini)

.rela.fini
 *(.rela.fini)

.rel.rodata
 *(.rel.rodata)
 *(.rel.rodata.*)
 *(.rel.gnu.linkonce.r*)

.rela.rodata
 *(.rela.rodata)
 *(.rela.rodata.*)
 *(.rela.gnu.linkonce.r*)

.rel.data
 *(.rel.data)
 *(.rel.data.*)
 *(.rel.gnu.linkonce.d*)

.rela.data
 *(.rela.data)
 *(.rela.data.*)
 *(.rela.gnu.linkonce.d*)

.rel.ctors
 *(.rel.ctors)

.rela.ctors
 *(.rela.ctors)

.rel.dtors
 *(.rel.dtors)

.rela.dtors
 *(.rela.dtors)

.rel.got
 *(.rel.got)

.rela.got
 *(.rela.got)

.rel.bss
 *(.rel.bss)

.rela.bss
 *(.rela.bss)

.rel.plt
 *(.rel.plt)

.rela.plt
 *(.rela.plt)

.text           0x00000000     0x10be
 *(.vectors)
 .vectors       0x00000000       0x54 C:/Program Files (x86)/Atmel/Studio/7.0/Packs/Atmel/ATmega_DFP/1.6.364/gcc/dev/atmega32/avr5/crtatmega32.o
                0x00000000                __vector_default
                0x00000000                __vectors
 *(.vectors)
 *(.progmem.gcc*)
                0x00000054                . = ALIGN (0x2)
                0x00000054                __trampolines_start = .
 *(.trampolines)
 .trampolines   0x00000054        0x0 linker stubs
 *(.trampolines*)
                0x00000054                __trampolines_end = .
 *libprintf_flt.a:*(.progmem.data)
 *libc.a:*(.progmem.data)
 *(.progmem*)
 .progmem.data.Eleven
                0x00000054      0x400 main.o
                0x00000054                Eleven
                0x00000454                . = ALIGN (0x2)
 *(.jumptables)
 *(.jumptables*)
 *(.lowtext)
 *(.lowtext*)
                0x00000454                __ctors_start = .
 *(.ctors)
                0x00000454                __ctors_end = .
                0x00000454                __dtors_start = .
 *(.dtors)
                0x00000454                __dtors_end = .
 SORT(*)(.ctors)
 SORT(*)(.dtors)
 *(.init0)
 .init0         0x00000454        0x0 C:/Program Files (x86)/Atmel/Studio/7.0/Packs/Atmel/ATmega_DFP/1.6.364/gcc/dev/atmega32/avr5/crtatmega32.o
                0x00000454                __init
 *(.init0)
 *(.init1)
 *(.init1)
 *(.init2)
 .init2         0x00000454        0xc C:/Program Files (x86)/Atmel/Studio/7.0/Packs/Atmel/ATmega_DFP/1.6.364/gcc/dev/atmega32/avr5/crtatmega32.o
 *(.init2)
 *(.init3)
 *(.init3)
 *(.init4)
 .init4         0x00000460       0x16 c:/program files (x86)/atmel/studio/7.0/toolchain/avr8/avr8-gnu-toolchain/bin/../lib/gcc/avr/5.4.0/avr5\libgcc.a(_copy_data.o)
                0x00000460                __do_copy_data
 .init4         0x00000476       0x10 c:/program files (x86)/atmel/studio/7.0/toolchain/avr8/avr8-gnu-toolchain/bin/../lib/gcc/avr/5.4.0/avr5\libgcc.a(_clear_bss.o)
                0x00000476                __do_clear_bss
 *(.init4)
 *(.init5)
 *(.init5)
 *(.init6)
 *(.init6)
 *(.init7)
 *(.init7)
 *(.init8)
 *(.init8)
 *(.init9)
 .init9         0x00000486        0x8 C:/Program Files (x86)/Atmel/Studio/7.0/Packs/Atmel/ATmega_DFP/1.6.364/gcc/dev/atmega32/avr5/crtatmega32.o
 *(.init9)
 *(.text)
 .text          0x0000048e        0x4 C:/Program Files (x86)/Atmel/Studio/7.0/Packs/Atmel/ATmega_DFP/1.6.364/gcc/dev/atmega32/avr5/crtatmega32.o
                0x0000048e                __vector_12
                0x0000048e                __bad_interrupt
                0x0000048e                __vector_6
                0x0000048e                __vector_3
                0x0000048e                __vector_11
                0x0000048e                __vector_13
                0x0000048e                __vector_17
                0x0000048e                __vector_19
                0x0000048e                __vector_7
                0x0000048e                __vector_5
                0x0000048e                __vector_4
                0x0000048e                __vector_9
                0x0000048e                __vector_15
                0x0000048e                __vector_8
                0x0000048e                __vector_14
                0x0000048e                __vector_10
                0x0000048e                __vector_16
                0x0000048e                __vector_18
                0x0000048e                __vector_20
                0x00000492                . = ALIGN (0x2)
 *(.text.*)
 .text.GLCD_Command
                0x00000492       0x1c HAL/G_LCD/G_LCD.o
                0x00000492                GLCD_Command
 .text.GLCD_Init
                0x000004ae       0x3e HAL/G_LCD/G_LCD.o
                0x000004ae                GLCD_Init
 .text.GLCD_Data
                0x000004ec       0x1c HAL/G_LCD/G_LCD.o
                0x000004ec                GLCD_Data
 .text.GLCD_ClearAll
                0x00000508       0x3c HAL/G_LCD/G_LCD.o
                0x00000508                GLCD_ClearAll
 .text.GLCD_String_Letter
                0x00000544      0x33a HAL/G_LCD/G_LCD.o
                0x00000544                GLCD_String_Letter
 .text.GLCD_String_IMG
                0x0000087e       0xc0 HAL/G_LCD/G_LCD.o
                0x0000087e                GLCD_String_IMG
 .text.main     0x0000093e      0x1a8 main.o
                0x0000093e                main
 .text.__vector_1
                0x00000ae6       0x52 MCAL/EXTERNAL_INT/EXTERNAL_INT.o
                0x00000ae6                __vector_1
 .text.__vector_2
                0x00000b38       0x52 MCAL/EXTERNAL_INT/EXTERNAL_INT.o
                0x00000b38                __vector_2
 .text.avr-libc.fplib
                0x00000b8a        0xe c:/program files (x86)/atmel/studio/7.0/toolchain/avr8/avr8-gnu-toolchain/bin/../lib/gcc/avr/5.4.0/../../../../avr/lib/avr5\libm.a(addsf3.o)
                0x00000b8a                __subsf3
                0x00000b8c                __addsf3
 .text.avr-libc.fplib
                0x00000b98       0xcc c:/program files (x86)/atmel/studio/7.0/toolchain/avr8/avr8-gnu-toolchain/bin/../lib/gcc/avr/5.4.0/../../../../avr/lib/avr5\libm.a(addsf3x.o)
                0x00000bba                __addsf3x
 .text.avr-libc.fplib
                0x00000c64        0x8 c:/program files (x86)/atmel/studio/7.0/toolchain/avr8/avr8-gnu-toolchain/bin/../lib/gcc/avr/5.4.0/../../../../avr/lib/avr5\libm.a(divsf3.o)
                0x00000c64                __divsf3
 .text.avr-libc.fplib
                0x00000c6c       0xdc c:/program files (x86)/atmel/studio/7.0/toolchain/avr8/avr8-gnu-toolchain/bin/../lib/gcc/avr/5.4.0/../../../../avr/lib/avr5\libm.a(divsf3x.o)
                0x00000c8c                __divsf3x
                0x00000c92                __divsf3_pse
 .text.avr-libc.fplib
                0x00000d48        0xe c:/program files (x86)/atmel/studio/7.0/toolchain/avr8/avr8-gnu-toolchain/bin/../lib/gcc/avr/5.4.0/../../../../avr/lib/avr5\libm.a(fixsfsi.o)
                0x00000d48                __fixsfsi
 .text.avr-libc.fplib
                0x00000d56       0x5e c:/program files (x86)/atmel/studio/7.0/toolchain/avr8/avr8-gnu-toolchain/bin/../lib/gcc/avr/5.4.0/../../../../avr/lib/avr5\libm.a(fixunssfsi.o)
                0x00000d56                __fixunssfsi
 .text.avr-libc.fplib
                0x00000db4       0x7a c:/program files (x86)/atmel/studio/7.0/toolchain/avr8/avr8-gnu-toolchain/bin/../lib/gcc/avr/5.4.0/../../../../avr/lib/avr5\libm.a(floatsisf.o)
                0x00000db4                __floatunsisf
                0x00000db8                __floatsisf
 .text.avr-libc.fplib
                0x00000e2e        0xc c:/program files (x86)/atmel/studio/7.0/toolchain/avr8/avr8-gnu-toolchain/bin/../lib/gcc/avr/5.4.0/../../../../avr/lib/avr5\libm.a(fp_inf.o)
                0x00000e2e                __fp_inf
 .text.avr-libc.fplib
                0x00000e3a        0x6 c:/program files (x86)/atmel/studio/7.0/toolchain/avr8/avr8-gnu-toolchain/bin/../lib/gcc/avr/5.4.0/../../../../avr/lib/avr5\libm.a(fp_nan.o)
                0x00000e3a                __fp_nan
 .text.avr-libc.fplib
                0x00000e40        0xe c:/program files (x86)/atmel/studio/7.0/toolchain/avr8/avr8-gnu-toolchain/bin/../lib/gcc/avr/5.4.0/../../../../avr/lib/avr5\libm.a(fp_pscA.o)
                0x00000e40                __fp_pscA
 .text.avr-libc.fplib
                0x00000e4e        0xe c:/program files (x86)/atmel/studio/7.0/toolchain/avr8/avr8-gnu-toolchain/bin/../lib/gcc/avr/5.4.0/../../../../avr/lib/avr5\libm.a(fp_pscB.o)
                0x00000e4e                __fp_pscB
 .text.avr-libc.fplib
                0x00000e5c       0x22 c:/program files (x86)/atmel/studio/7.0/toolchain/avr8/avr8-gnu-toolchain/bin/../lib/gcc/avr/5.4.0/../../../../avr/lib/avr5\libm.a(fp_round.o)
                0x00000e5c                __fp_round
 .text.avr-libc.fplib
                0x00000e7e       0x44 c:/program files (x86)/atmel/studio/7.0/toolchain/avr8/avr8-gnu-toolchain/bin/../lib/gcc/avr/5.4.0/../../../../avr/lib/avr5\libm.a(fp_split3.o)
                0x00000e7e                __fp_split3
                0x00000e8e                __fp_splitA
 .text.avr-libc.fplib
                0x00000ec2        0xe c:/program files (x86)/atmel/studio/7.0/toolchain/avr8/avr8-gnu-toolchain/bin/../lib/gcc/avr/5.4.0/../../../../avr/lib/avr5\libm.a(fp_zero.o)
                0x00000ec2                __fp_zero
                0x00000ec4                __fp_szero
 .text.avr-libc.fplib
                0x00000ed0        0x8 c:/program files (x86)/atmel/studio/7.0/toolchain/avr8/avr8-gnu-toolchain/bin/../lib/gcc/avr/5.4.0/../../../../avr/lib/avr5\libm.a(mulsf3.o)
                0x00000ed0                __mulsf3
 .text.avr-libc.fplib
                0x00000ed8       0xd2 c:/program files (x86)/atmel/studio/7.0/toolchain/avr8/avr8-gnu-toolchain/bin/../lib/gcc/avr/5.4.0/../../../../avr/lib/avr5\libm.a(mulsf3x.o)
                0x00000ef6                __mulsf3x
                0x00000efc                __mulsf3_pse
 .text.libgcc.div
                0x00000faa       0x44 c:/program files (x86)/atmel/studio/7.0/toolchain/avr8/avr8-gnu-toolchain/bin/../lib/gcc/avr/5.4.0/avr5\libgcc.a(_udivmodsi4.o)
                0x00000faa                __udivmodsi4
 .text.avr-libc
                0x00000fee       0x16 c:/program files (x86)/atmel/studio/7.0/toolchain/avr8/avr8-gnu-toolchain/bin/../lib/gcc/avr/5.4.0/../../../../avr/lib/avr5\libc.a(itoa_ncheck.o)
                0x00000fee                __itoa_ncheck
 .text.avr-libc
                0x00001004       0x1e c:/program files (x86)/atmel/studio/7.0/toolchain/avr8/avr8-gnu-toolchain/bin/../lib/gcc/avr/5.4.0/../../../../avr/lib/avr5\libc.a(ltoa_ncheck.o)
                0x00001004                __ltoa_ncheck
 .text.avr-libc
                0x00001022       0x44 c:/program files (x86)/atmel/studio/7.0/toolchain/avr8/avr8-gnu-toolchain/bin/../lib/gcc/avr/5.4.0/../../../../avr/lib/avr5\libc.a(ultoa_ncheck.o)
                0x00001022                __ultoa_ncheck
                0x00001024                __ultoa_common
 .text.avr-libc
                0x00001066       0x34 c:/program files (x86)/atmel/studio/7.0/toolchain/avr8/avr8-gnu-toolchain/bin/../lib/gcc/avr/5.4.0/../../../../avr/lib/avr5\libc.a(utoa_ncheck.o)
                0x00001066                __utoa_ncheck
                0x00001068                __utoa_common
 .text.avr-libc
                0x0000109a       0x20 c:/program files (x86)/atmel/studio/7.0/toolchain/avr8/avr8-gnu-toolchain/bin/../lib/gcc/avr/5.4.0/../../../../avr/lib/avr5\libc.a(strrev.o)
                0x0000109a                strrev
                0x000010ba                . = ALIGN (0x2)
 *(.fini9)
 .fini9         0x000010ba        0x0 c:/program files (x86)/atmel/studio/7.0/toolchain/avr8/avr8-gnu-toolchain/bin/../lib/gcc/avr/5.4.0/avr5\libgcc.a(_exit.o)
                0x000010ba                _exit
                0x000010ba                exit
 *(.fini9)
 *(.fini8)
 *(.fini8)
 *(.fini7)
 *(.fini7)
 *(.fini6)
 *(.fini6)
 *(.fini5)
 *(.fini5)
 *(.fini4)
 *(.fini4)
 *(.fini3)
 *(.fini3)
 *(.fini2)
 *(.fini2)
 *(.fini1)
 *(.fini1)
 *(.fini0)
 .fini0         0x000010ba        0x4 c:/program files (x86)/atmel/studio/7.0/toolchain/avr8/avr8-gnu-toolchain/bin/../lib/gcc/avr/5.4.0/avr5\libgcc.a(_exit.o)
 *(.fini0)
                0x000010be                _etext = .

.data           0x00800060      0x21a load address 0x000010be
                0x00800060                PROVIDE (__data_start, .)
 *(.data)
 *(.data*)
 .data.font     0x00800060      0x1e0 HAL/G_LCD/G_LCD.o
                0x00800060                font
 *(.gnu.linkonce.d*)
 *(.rodata)
 *(.rodata*)
 .rodata.str1.1
                0x00800240       0x39 main.o
 *(.gnu.linkonce.r*)
                0x0080027a                . = ALIGN (0x2)
 *fill*         0x00800279        0x1 
                0x0080027a                _edata = .
                0x0080027a                PROVIDE (__data_end, .)

.bss            0x0080027a        0x4
                0x0080027a                PROVIDE (__bss_start, .)
 *(.bss)
 *(.bss*)
 .bss.CALLBACK_PTR_INT_1
                0x0080027a        0x2 MCAL/EXTERNAL_INT/EXTERNAL_INT.o
                0x0080027a                CALLBACK_PTR_INT_1
 .bss.CALLBACK_PTR_INT_0
                0x0080027c        0x2 MCAL/EXTERNAL_INT/EXTERNAL_INT.o
                0x0080027c                CALLBACK_PTR_INT_0
 *(COMMON)
                0x0080027e                PROVIDE (__bss_end, .)
                0x000010be                __data_load_start = LOADADDR (.data)
                0x000012d8                __data_load_end = (__data_load_start + SIZEOF (.data))

.noinit         0x0080027e        0x0
                [!provide]                PROVIDE (__noinit_start, .)
 *(.noinit*)
                [!provide]                PROVIDE (__noinit_end, .)
                0x0080027e                _end = .
                [!provide]                PROVIDE (__heap_start, .)

.eeprom         0x00810000        0x0
 *(.eeprom*)
                0x00810000                __eeprom_end = .

.fuse
 *(.fuse)
 *(.lfuse)
 *(.hfuse)
 *(.efuse)

.lock
 *(.lock*)

.signature
 *(.signature*)

.user_signatures
 *(.user_signatures*)

.stab
 *(.stab)

.stabstr
 *(.stabstr)

.stab.excl
 *(.stab.excl)

.stab.exclstr
 *(.stab.exclstr)

.stab.index
 *(.stab.index)

.stab.indexstr
 *(.stab.indexstr)

.comment        0x00000000       0x30
 *(.comment)
 .comment       0x00000000       0x30 HAL/G_LCD/G_LCD.o
                                 0x31 (size before relaxing)
 .comment       0x00000030       0x31 main.o
 .comment       0x00000030       0x31 MCAL/EXTERNAL_INT/EXTERNAL_INT.o

.note.gnu.avr.deviceinfo
                0x00000000       0x3c
 .note.gnu.avr.deviceinfo
                0x00000000       0x3c C:/Program Files (x86)/Atmel/Studio/7.0/Packs/Atmel/ATmega_DFP/1.6.364/gcc/dev/atmega32/avr5/crtatmega32.o

.note.gnu.build-id
 *(.note.gnu.build-id)

.debug
 *(.debug)

.line
 *(.line)

.debug_srcinfo
 *(.debug_srcinfo)

.debug_sfnames
 *(.debug_sfnames)

.debug_aranges  0x00000000       0xc8
 *(.debug_aranges)
 .debug_aranges
                0x00000000       0x48 HAL/G_LCD/G_LCD.o
 .debug_aranges
                0x00000048       0x20 main.o
 .debug_aranges
                0x00000068       0x60 MCAL/EXTERNAL_INT/EXTERNAL_INT.o

.debug_pubnames
 *(.debug_pubnames)

.debug_info     0x00000000     0x12a9
 *(.debug_info .gnu.linkonce.wi.*)
 .debug_info    0x00000000      0x4e6 C:/Program Files (x86)/Atmel/Studio/7.0/Packs/Atmel/ATmega_DFP/1.6.364/gcc/dev/atmega32/avr5/crtatmega32.o
 .debug_info    0x000004e6      0x588 HAL/G_LCD/G_LCD.o
 .debug_info    0x00000a6e      0x609 main.o
 .debug_info    0x00001077      0x232 MCAL/EXTERNAL_INT/EXTERNAL_INT.o

.debug_abbrev   0x00000000      0x975
 *(.debug_abbrev)
 .debug_abbrev  0x00000000      0x4a3 C:/Program Files (x86)/Atmel/Studio/7.0/Packs/Atmel/ATmega_DFP/1.6.364/gcc/dev/atmega32/avr5/crtatmega32.o
 .debug_abbrev  0x000004a3      0x1f9 HAL/G_LCD/G_LCD.o
 .debug_abbrev  0x0000069c      0x21b main.o
 .debug_abbrev  0x000008b7       0xbe MCAL/EXTERNAL_INT/EXTERNAL_INT.o

.debug_line     0x00000000      0x9e8
 *(.debug_line .debug_line.* .debug_line_end)
 .debug_line    0x00000000      0x116 C:/Program Files (x86)/Atmel/Studio/7.0/Packs/Atmel/ATmega_DFP/1.6.364/gcc/dev/atmega32/avr5/crtatmega32.o
 .debug_line    0x00000116      0x406 HAL/G_LCD/G_LCD.o
 .debug_line    0x0000051c      0x252 main.o
 .debug_line    0x0000076e      0x27a MCAL/EXTERNAL_INT/EXTERNAL_INT.o

.debug_frame    0x00000000      0x2bc
 *(.debug_frame)
 .debug_frame   0x00000000      0x120 HAL/G_LCD/G_LCD.o
 .debug_frame   0x00000120       0x68 main.o
 .debug_frame   0x00000188      0x134 MCAL/EXTERNAL_INT/EXTERNAL_INT.o

.debug_str      0x00000000      0x653
 *(.debug_str)
 .debug_str     0x00000000      0x196 C:/Program Files (x86)/Atmel/Studio/7.0/Packs/Atmel/ATmega_DFP/1.6.364/gcc/dev/atmega32/avr5/crtatmega32.o
 .debug_str     0x00000196      0x256 HAL/G_LCD/G_LCD.o
                                0x29c (size before relaxing)
 .debug_str     0x000003ec       0xe3 main.o
                                0x2ee (size before relaxing)
 .debug_str     0x000004cf      0x184 MCAL/EXTERNAL_INT/EXTERNAL_INT.o
                                0x2e1 (size before relaxing)

.debug_loc      0x00000000      0xc90
 *(.debug_loc)
 .debug_loc     0x00000000      0x800 HAL/G_LCD/G_LCD.o
 .debug_loc     0x00000800      0x2fa main.o
 .debug_loc     0x00000afa      0x196 MCAL/EXTERNAL_INT/EXTERNAL_INT.o

.debug_macinfo
 *(.debug_macinfo)

.debug_weaknames
 *(.debug_weaknames)

.debug_funcnames
 *(.debug_funcnames)

.debug_typenames
 *(.debug_typenames)

.debug_varnames
 *(.debug_varnames)

.debug_pubtypes
 *(.debug_pubtypes)

.debug_ranges   0x00000000       0x98
 *(.debug_ranges)
 .debug_ranges  0x00000000       0x38 HAL/G_LCD/G_LCD.o
 .debug_ranges  0x00000038       0x10 main.o
 .debug_ranges  0x00000048       0x50 MCAL/EXTERNAL_INT/EXTERNAL_INT.o

.debug_macro
 *(.debug_macro)
OUTPUT(From_scratch.elf elf32-avr)
LOAD linker stubs
